WARNING:root:Feed error for Australia: https://indaily.com.au/feed/ - 403 Client Error: Forbidden for url: https://indaily.com.au/feed/
WARNING:root:Feed error for Australia: http://rssfeeds.9news.com/kusa/home&x=1 - HTTPConnectionPool(host='rssfeeds.9news.com', port=80): Max retries exceeded with url: /kusa/home&x=1 (Caused by NameResolutionError("<urllib3.connection.HTTPConnection object at 0x000001D418B7B2B0>: Failed to resolve 'rssfeeds.9news.com' ([Errno 11001] getaddrinfo failed)"))
WARNING:root:Feed error for Bangladesh: https://www.kalerkantho.com/rss.xml - 403 Client Error: Forbidden for url: https://www.kalerkantho.com/rss.xml
WARNING:root:Feed error for Brazil: http://www.ebc.com.br/rss/feed.xml - 404 Client Error: Not Found for url: https://www.ebc.com.br/rss/feed.xml
WARNING:root:Feed error for Brazil: https://noticias.r7.com/feed.xml - 404 Client Error: Not Found for url: https://noticias.r7.com/feed.xml
WARNING:root:Feed error for Canada: https://www.cbc.ca/cmlink/rss-topstories - 400 Client Error: Bad Request for url: https://www.cbc.ca/webfeed/rss/rss-topstoriestopstories
WARNING:root:Feed error for Canada: https://www.ctvnews.ca/rss/ctvnews-ca-top-stories-public-rss-1.822009 - 404 Client Error: Not Found for url: https://www.ctvnews.ca/rss/ctvnews-ca-top-stories-public-rss-1.822009
WARNING:root:Feed error for Germany: https://rss.focus.de/fol/XML/rss_folnews.xml - 404 Client Error: Not Found for url: https://www.focus.de/fol/XML/rss_folnews.xml/rss
WARNING:root:Feed error for Afghanistan: https://tolonews.com/rss - 403 Client Error: Forbidden for url: https://tolonews.com/rss
WARNING:root:Feed error for Algeria: https://www.aps.dz/en/feed - 404 Client Error: Not Found for url: https://www.aps.dz/en/feed
WARNING:root:Feed error for Andorra: https://www.diariandorra.ad/rss - 404 Client Error: Not Found for url: https://www.diariandorra.ad/rss/
WARNING:root:Feed error for Angola: http://www.angop.ao/angola/en_us/noticias/rss - 403 Client Error: Forbidden for url: http://www.angop.ao/angola/en_us/noticias/rss
WARNING:root:Feed error for Antigua and Barbuda: https://www.antiguaobserver.com/feed/ - 403 Client Error: Forbidden for url: https://www.antiguaobserver.com/feed/
WARNING:root:Feed error for Armenia: https://armenpress.am/eng/rss/ - 403 Client Error: Forbidden for url: https://armenpress.am/eng/rss/
WARNING:root:Feed error for Australia: https://www.abc.net.au/news/feed/ - 404 Client Error: Not Found for url: https://www.abc.net.au/news/feed
WARNING:root:Feed error for Austria: https://www.thelocal.at/rss - 404 Client Error: Not Found for url: https://www.thelocal.at/rss
WARNING:root:Feed error for Azerbaijan: https://www.azernews.az/rss.xml - 404 Client Error: Not Found for url: https://www.azernews.az/rss.xml
WARNING:root:Feed error for Bahrain: https://www.gdnonline.com/rss/ - 404 Client Error: Not Found for url: https://www.gdnonline.com/rss/
WARNING:root:Feed error for Belize: https://www.7newsbelize.com/rss/ - 404 Client Error: Not Found for url: https://www.7newsbelize.com/rss/
WARNING:root:Feed error for Bhutan: https://kuenselonline.com/feed/ - 404 Client Error: Not Found for url: https://kuenselonline.com/feed/
WARNING:root:Feed error for Bolivia: https://www.la-razon.com/feed/ - 403 Client Error: Forbidden for url: https://larazon.bo/feed/
WARNING:root:Feed error for Botswana: https://www.mmegi.bw/feed - 404 Client Error: Not Found for url: https://www.mmegi.bw/feed
WARNING:root:Feed error for Brunei: https://borneobulletin.com.bn/feed/ - 403 Client Error: Forbidden for url: https://borneobulletin.com.bn/feed/
WARNING:root:Feed error for Cabo Verde: https://www.inforpress.cv/en/feed/ - 500 Server Error: Internal Server Error for url: https://www.inforpress.cv/en/feed
WARNING:root:Feed error for Cambodia: https://www.khmertimeskh.com/feed/ - 403 Client Error: Forbidden for url: https://www.khmertimeskh.com/feed/
WARNING:root:Feed error for Central African Republic: https://centrafriquepresse.info/feed/ - HTTPSConnectionPool(host='centrafriquepresse.info', port=443): Max retries exceeded with url: /feed/ (Caused by NameResolutionError("<urllib3.connection.HTTPSConnection object at 0x0000021A70577C40>: Failed to resolve 'centrafriquepresse.info' ([Errno 11001] getaddrinfo failed)"))
WARNING:root:Feed error for Chad: https://www.tchadinfos.com/en/feed/ - 404 Client Error: Not Found for url: https://www.tchadinfos.com/en/feed/
WARNING:root:Feed error for China: http://www.chinadaily.com.cn/rss/index.xml - 404 Client Error: Not Found for url: http://www.chinadaily.com.cn/rss/index.xml
WARNING:root:Feed error for Comoros: https://comorosnews.network/feed/ - HTTPSConnectionPool(host='comorosnews.network', port=443): Max retries exceeded with url: /feed/ (Caused by NameResolutionError("<urllib3.connection.HTTPSConnection object at 0x0000021A70A3B880>: Failed to resolve 'comorosnews.network' ([Errno 11001] getaddrinfo failed)"))
WARNING:root:Feed error for Congo, Democratic Republic of the: https://www.radiookapi.net/rss - 404 Client Error: Not Found for url: https://www.radiookapi.net/rss
WARNING:root:Feed error for Congo, Republic of the: https://adiac-congo.com/rss - 404 Client Error: Not Found for url: https://www.adiac-congo.com/rss
WARNING:root:Feed error for Cuba: http://en.granma.cu/rss - 404 Client Error: Not Found for url: https://en.granma.cu/rss
WARNING:root:Feed error for Egypt: http://english.ahram.org.eg/RssFeed/1/World.aspx - 404 Client Error: Not Found for url: http://english.ahram.org.eg/RssFeed/1/World.aspx
WARNING:root:Feed error for Equatorial Guinea: https://www.guineaecuatorialpress.com/rss - 404 Client Error: Not Found for url: https://www.guineaecuatorialpress.com/rss
WARNING:root:Feed error for Finland: https://yle.fi/news/rss - 404 Client Error: Not Found for url: https://yle.fi/news/rss
WARNING:root:Feed error for Gabon: https://www.gabonreview.com/en/feed/ - 404 Client Error: Not Found for url: https://www.gabonreview.com/en/feed/
WARNING:root:Feed error for Gambia: https://thepoint.gm/feed/ - 404 Client Error: Not Found for url: https://thepoint.gm/feed
WARNING:root:Feed error for Georgia: https://agenda.ge/rss - HTTPSConnectionPool(host='agenda.ge', port=443): Max retries exceeded with url: /rss (Caused by SSLError(SSLCertVerificationError(1, '[SSL: CERTIFICATE_VERIFY_FAILED] certificate verify failed: self signed certificate in certificate chain (_ssl.c:1122)')))
WARNING:root:Feed error for Ghana: https://www.graphic.com.gh/feed - 404 Client Error: Not Found for url: https://www.graphic.com.gh/feed
WARNING:root:Feed error for Greece: https://www.ekathimerini.com/feed/ - 403 Client Error: Forbidden for url: https://www.ekathimerini.com/feed/
WARNING:root:Feed error for Guatemala: https://guatemala-times.com/feed/ - HTTPSConnectionPool(host='guatemala-times.com', port=443): Max retries exceeded with url: /feed/ (Caused by SSLError(SSLEOFError(8, 'EOF occurred in violation of protocol (_ssl.c:1122)')))
WARNING:root:Feed error for Iceland: https://www.icelandmonitor.is/rss/ - HTTPSConnectionPool(host='www.icelandmonitor.is', port=443): Max retries exceeded with url: /rss/ (Caused by NameResolutionError("<urllib3.connection.HTTPSConnection object at 0x0000021A705AD970>: Failed to resolve 'www.icelandmonitor.is' ([Errno 11001] getaddrinfo failed)"))
WARNING:root:Feed error for Indonesia: https://www.thejakartapost.com/feed/ - 404 Client Error: Not Found for url: https://www.thejakartapost.com/feed/
WARNING:root:Feed error for Ireland: https://www.irishtimes.com/rss - 404 Client Error: Not Found for url: https://www.irishtimes.com/rss/
WARNING:root:Feed error for Italy: https://www.thelocal.it/rss - 404 Client Error: Not Found for url: https://www.thelocal.it/rss
WARNING:root:Feed error for Jamaica: https://jamaica-gleaner.com/feed - 404 Client Error: Not Found for url: https://jamaica-gleaner.com/feed
WARNING:root:Feed error for Kenya: https://nation.africa/kenya/rss - 404 Client Error: Not Found for url: https://nation.africa/kenya/rss
WARNING:root:Feed error for Kiribati: https://www.radiokiribati.ki/feed/ - HTTPSConnectionPool(host='www.radiokiribati.ki', port=443): Max retries exceeded with url: /feed/ (Caused by NameResolutionError("<urllib3.connection.HTTPSConnection object at 0x0000021A71041FD0>: Failed to resolve 'www.radiokiribati.ki' ([Errno 11001] getaddrinfo failed)"))
WARNING:root:Feed error for Kuwait: https://www.kuwaittimes.com/feed/ - ('Connection aborted.', HTTPException('got more than 100 headers'))
WARNING:root:Feed error for Laos: https://www.vientianetimes.org.la/rss - 404 Client Error: Not Found for url: https://www.vientianetimes.org.la/rss
WARNING:root:Feed error for Liechtenstein: https://www.thelocal.ch/rss - 404 Client Error: Not Found for url: https://www.thelocal.ch/rss
WARNING:root:Feed error for Lithuania: https://www.lrt.lt/en/rss - 404 Client Error: Not Found for url: https://www.lrt.lt/en/rss
WARNING:root:Feed error for Madagascar: https://www.madagascar-tribune.com/feed/ - 403 Client Error: Forbidden for url: https://www.madagascar-tribune.com/feed/
WARNING:root:Feed error for Malaysia: https://www.thestar.com.my/rss/ - 404 Client Error: Not Found for url: https://www.thestar.com.my/rss/
WARNING:root:Feed error for Mauritania: https://ami.mr/en/feed/ - HTTPSConnectionPool(host='ami.mr', port=443): Max retries exceeded with url: /en/feed/ (Caused by SSLError(SSLCertVerificationError(1, '[SSL: CERTIFICATE_VERIFY_FAILED] certificate verify failed: unable to get local issuer certificate (_ssl.c:1122)')))
WARNING:root:Feed error for Mauritius: https://defimedia.info/rss - 404 Client Error: Not Found for url: https://defimedia.info/rss
WARNING:root:Feed error for Micronesia: https://www.kpress.info/feed/ - 403 Client Error: Forbidden for url: https://www.kpress.info/feed/
WARNING:root:Feed error for Mongolia: https://montsame.mn/en/rss - 404 Client Error: Not Found for url: https://montsame.mn/en/rss
WARNING:root:Feed error for Nauru: https://naurubulletin.com/feed/ - HTTPSConnectionPool(host='naurubulletin.com', port=443): Max retries exceeded with url: /feed/ (Caused by NameResolutionError("<urllib3.connection.HTTPSConnection object at 0x0000021A7079E0A0>: Failed to resolve 'naurubulletin.com' ([Errno 11001] getaddrinfo failed)"))
WARNING:root:Feed error for Nicaragua: https://confidencial.digital/en/feed/ - 403 Client Error: Forbidden for url: https://confidencial.digital/en/feed/
WARNING:root:Feed error for North Macedonia: https://mia.mk/en/rss - ('Connection aborted.', ConnectionResetError(10054, 'An existing connection was forcibly closed by the remote host', None, 10054, None))
WARNING:root:Feed error for Norway: https://www.thelocal.no/rss - 404 Client Error: Not Found for url: https://www.thelocal.no/rss
WARNING:root:Feed error for Oman: https://timesofoman.com/rss - 404 Client Error: Not Found for url: https://timesofoman.com/rss
WARNING:root:Feed error for Pakistan: https://www.dawn.com/rss - 404 Client Error: Not Found for url: https://www.dawn.com/rss
WARNING:root:Feed error for Palau: https://islandtimes.palau/feed/ - HTTPSConnectionPool(host='islandtimes.palau', port=443): Max retries exceeded with url: /feed/ (Caused by NameResolutionError("<urllib3.connection.HTTPSConnection object at 0x0000021A70AE3220>: Failed to resolve 'islandtimes.palau' ([Errno 11001] getaddrinfo failed)"))
WARNING:root:Feed error for Russia: https://www.themoscowtimes.com/rss - 404 Client Error: Not Found for url: https://www.themoscowtimes.com/rss
WARNING:root:Feed error for Saint Kitts and Nevis: https://sknnewsonline.com/feed/ - HTTPSConnectionPool(host='sknnewsonline.com', port=443): Max retries exceeded with url: /feed/ (Caused by NameResolutionError("<urllib3.connection.HTTPSConnection object at 0x0000021A704D1F40>: Failed to resolve 'sknnewsonline.com' ([Errno 11001] getaddrinfo failed)"))
WARNING:root:Feed error for Samoa: https://www.samoaobserver.ws/rss - 404 Client Error: Not Found for url: https://www.samoaobserver.ws/rss
WARNING:root:Feed error for San Marino: https://www.thelocal.it/rss - 404 Client Error: Not Found for url: https://www.thelocal.it/rss
WARNING:root:Feed error for Sierra Leone: https://awokonewspaper.sl/feed/ - HTTPSConnectionPool(host='awokonewspaper.sl', port=443): Max retries exceeded with url: /feed/ (Caused by NameResolutionError("<urllib3.connection.HTTPSConnection object at 0x0000021A7053FB50>: Failed to resolve 'awokonewspaper.sl' ([Errno 11002] getaddrinfo failed)"))
WARNING:root:Feed error for Solomon Islands: https://www.solomontimes.com/rss - 404 Client Error: Not Found for url: https://www.solomontimes.com/error/404
WARNING:root:Feed error for Somalia: https://www.hiiraan.com/rss/ - 404 Client Error: Not Found for url: https://www.hiiraan.com/rss/
WARNING:root:Feed error for South Africa: https://www.news24.com/rss - 403 Client Error: Forbidden for url: https://www.news24.com/rss
WARNING:root:Feed error for South Korea: https://www.koreaherald.com/common/rss/xml - 404 Client Error: Not Found for url: https://www.koreaherald.com/common/rss/xml
WARNING:root:Feed error for Spain: https://english.elpais.com/rss - 404 Client Error: Not Found for url: https://english.elpais.com/rss/
WARNING:root:Feed error for Sri Lanka: https://www.dailymirror.lk/rss - 403 Client Error: Forbidden for url: https://www.dailymirror.lk/rss
WARNING:root:Feed error for Sudan: https://sudantribune.com/feed/ - 403 Client Error: Forbidden for url: https://sudantribune.com/feed/
WARNING:root:Feed error for Suriname: https://www.starnieuws.com/rss - 403 Client Error: Forbidden for url: https://www.starnieuws.com/rss/
WARNING:root:Feed error for Sweden: https://www.thelocal.se/rss - 404 Client Error: Not Found for url: https://www.thelocal.se/rss
WARNING:root:Feed error for Switzerland: https://www.swissinfo.ch/eng/rss - 410 Client Error: Gone for url: https://www.swissinfo.ch/eng/feed/
WARNING:root:Feed error for Tanzania: https://www.thecitizen.co.tz/rss - 404 Client Error: Not Found for url: https://www.thecitizen.co.tz/rss
WARNING:root:Feed error for Timor-Leste: https://www.tatoli.tl/en/feed/ - 404 Client Error: Not Found for url: https://www.tatoli.tl/en/feed/
WARNING:root:Feed error for Togo: https://www.togofirst.com/en/feed - 404 Client Error: Not Found for url: https://www.togofirst.com/en/com-sppagebuilder
WARNING:root:Feed error for Tonga: https://matangitonga.to/rss - 404 Client Error: Not Found for url: https://matangitonga.to/rss
WARNING:root:Feed error for Tunisia: https://www.tap.info.tn/en/rss - HTTPSConnectionPool(host='www.tap.info.tn', port=443): Max retries exceeded with url: /en/rss (Caused by SSLError(SSLCertVerificationError(1, '[SSL: CERTIFICATE_VERIFY_FAILED] certificate verify failed: unable to get local issuer certificate (_ssl.c:1122)')))
WARNING:root:Feed error for Tuvalu: https://tuvalunews.tv/feed/ - HTTPSConnectionPool(host='tuvalunews.tv', port=443): Max retries exceeded with url: /feed/ (Caused by NameResolutionError("<urllib3.connection.HTTPSConnection object at 0x0000021A70794250>: Failed to resolve 'tuvalunews.tv' ([Errno 11001] getaddrinfo failed)"))
WARNING:root:Feed error for Uganda: https://www.monitor.co.ug/rss - 404 Client Error: Not Found for url: https://www.monitor.co.ug/rss
WARNING:root:Feed error for Ukraine: https://kyivindependent.com/feed/ - 404 Client Error: Not Found for url: https://kyivindependent.com/feed/
WARNING:root:Feed error for United Arab Emirates: https://www.thenationalnews.com/rss - 404 Client Error: Not Found for url: https://www.thenationalnews.com/rss/
WARNING:root:Feed error for Vanuatu: https://www.dailypost.vu/feed/ - 404 Client Error: Not Found for url: https://www.dailypost.vu/feed/
WARNING:root:Feed error for Zambia: https://www.lusakatimes.com/feed/ - HTTPSConnectionPool(host='www.lusakatimes.com', port=443): Read timed out. (read timeout=20)
WARNING:root:Feed error for Zimbabwe: https://www.herald.co.zw/feed/ - 403 Client Error: Forbidden for url: https://www.heraldonline.co.zw/feed/
WARNING:root:Feed error for State of Palestine: https://english.wafa.ps/rss - 404 Client Error: Not Found for url: https://english.wafa.ps/rss
INFO:werkzeug:[31m[1mWARNING: This is a development server. Do not use it in a production deployment. Use a production WSGI server instead.[0m
 * Running on all addresses (0.0.0.0)
 * Running on http://127.0.0.1:5000
 * Running on http://10.7.0.101:5000
INFO:werkzeug:[33mPress CTRL+C to quit[0m
INFO:werkzeug: * Restarting with watchdog (windowsapi)
WARNING:root:Feed error for Afghanistan: https://tolonews.com/rss - 403 Client Error: Forbidden for url: https://tolonews.com/rss
WARNING:root:Feed error for Algeria: https://www.aps.dz/en/feed - 404 Client Error: Not Found for url: https://www.aps.dz/en/feed
WARNING:root:Feed error for Andorra: https://www.diariandorra.ad/rss - 404 Client Error: Not Found for url: https://www.diariandorra.ad/rss/
WARNING:root:Feed error for Angola: http://www.angop.ao/angola/en_us/noticias/rss - 403 Client Error: Forbidden for url: http://www.angop.ao/angola/en_us/noticias/rss
WARNING:root:Feed error for Antigua and Barbuda: https://www.antiguaobserver.com/feed/ - 403 Client Error: Forbidden for url: https://www.antiguaobserver.com/feed/
WARNING:root:Feed error for Armenia: https://armenpress.am/eng/rss/ - 403 Client Error: Forbidden for url: https://armenpress.am/eng/rss/
WARNING:root:Feed error for Australia: https://www.abc.net.au/news/feed/ - 404 Client Error: Not Found for url: https://www.abc.net.au/news/feed
WARNING:root:Feed error for Austria: https://www.thelocal.at/rss - 404 Client Error: Not Found for url: https://www.thelocal.at/rss
WARNING:root:Feed error for Azerbaijan: https://www.azernews.az/rss.xml - 404 Client Error: Not Found for url: https://www.azernews.az/rss.xml
WARNING:root:Feed error for Bahamas: https://thenassauguardian.com/feed/ - 404 Client Error: Not Found for url: https://www.thenassauguardian.com/feed/
WARNING:root:Feed error for Bahrain: https://www.gdnonline.com/rss/ - 404 Client Error: Not Found for url: https://www.gdnonline.com/rss/
WARNING:root:Feed error for Belarus: https://eng.belta.by/rss - HTTPSConnectionPool(host='eng.belta.by', port=443): Max retries exceeded with url: /rss (Caused by SSLError(SSLEOFError(8, 'EOF occurred in violation of protocol (_ssl.c:1122)')))
WARNING:root:Feed error for Belize: https://www.7newsbelize.com/rss/ - 404 Client Error: Not Found for url: https://www.7newsbelize.com/rss/
WARNING:root:Feed error for Bhutan: https://kuenselonline.com/feed/ - 404 Client Error: Not Found for url: https://kuenselonline.com/feed/
WARNING:root:Feed error for Bolivia: https://www.la-razon.com/feed/ - 403 Client Error: Forbidden for url: https://larazon.bo/feed/
WARNING:root:Feed error for Botswana: https://www.mmegi.bw/feed - 404 Client Error: Not Found for url: https://www.mmegi.bw/feed
WARNING:root:Feed error for Brunei: https://borneobulletin.com.bn/feed/ - 403 Client Error: Forbidden for url: https://borneobulletin.com.bn/feed/
WARNING:root:Feed error for Cabo Verde: https://www.inforpress.cv/en/feed/ - 500 Server Error: Internal Server Error for url: https://www.inforpress.cv/en/feed
WARNING:root:Feed error for Cambodia: https://www.khmertimeskh.com/feed/ - 403 Client Error: Forbidden for url: https://www.khmertimeskh.com/feed/
WARNING:root:Feed error for Central African Republic: https://centrafriquepresse.info/feed/ - HTTPSConnectionPool(host='centrafriquepresse.info', port=443): Max retries exceeded with url: /feed/ (Caused by NameResolutionError("<urllib3.connection.HTTPSConnection object at 0x000001EF3EE259D0>: Failed to resolve 'centrafriquepresse.info' ([Errno 11001] getaddrinfo failed)"))
WARNING:root:Feed error for Chad: https://www.tchadinfos.com/en/feed/ - 404 Client Error: Not Found for url: https://www.tchadinfos.com/en/feed/
WARNING:root:Feed error for China: http://www.chinadaily.com.cn/rss/index.xml - 404 Client Error: Not Found for url: http://www.chinadaily.com.cn/rss/index.xml
WARNING:root:Feed error for Comoros: https://comorosnews.network/feed/ - HTTPSConnectionPool(host='comorosnews.network', port=443): Max retries exceeded with url: /feed/ (Caused by NameResolutionError("<urllib3.connection.HTTPSConnection object at 0x000001EF3EF24D90>: Failed to resolve 'comorosnews.network' ([Errno 11001] getaddrinfo failed)"))
WARNING:root:Feed error for Congo, Democratic Republic of the: https://www.radiookapi.net/rss - 404 Client Error: Not Found for url: https://www.radiookapi.net/rss
WARNING:root:Feed error for Congo, Republic of the: https://adiac-congo.com/rss - 404 Client Error: Not Found for url: https://www.adiac-congo.com/rss
WARNING:root:Feed error for Cuba: http://en.granma.cu/rss - 404 Client Error: Not Found for url: https://en.granma.cu/rss
WARNING:root:Feed error for Egypt: http://english.ahram.org.eg/RssFeed/1/World.aspx - 404 Client Error: Not Found for url: http://english.ahram.org.eg/RssFeed/1/World.aspx
WARNING:root:Feed error for Equatorial Guinea: https://www.guineaecuatorialpress.com/rss - 404 Client Error: Not Found for url: https://www.guineaecuatorialpress.com/rss
WARNING:root:Feed error for Finland: https://yle.fi/news/rss - 404 Client Error: Not Found for url: https://yle.fi/news/rss
WARNING:root:Feed error for Gabon: https://www.gabonreview.com/en/feed/ - 404 Client Error: Not Found for url: https://www.gabonreview.com/en/feed/
WARNING:root:Feed error for Gambia: https://thepoint.gm/feed/ - 404 Client Error: Not Found for url: https://thepoint.gm/feed
WARNING:root:Feed error for Georgia: https://agenda.ge/rss - HTTPSConnectionPool(host='agenda.ge', port=443): Max retries exceeded with url: /rss (Caused by SSLError(SSLCertVerificationError(1, '[SSL: CERTIFICATE_VERIFY_FAILED] certificate verify failed: self signed certificate in certificate chain (_ssl.c:1122)')))
WARNING:root:Feed error for Ghana: https://www.graphic.com.gh/feed - 404 Client Error: Not Found for url: https://www.graphic.com.gh/feed
WARNING:root:Feed error for Greece: https://www.ekathimerini.com/feed/ - 403 Client Error: Forbidden for url: https://www.ekathimerini.com/feed/
WARNING:root:Feed error for Guatemala: https://guatemala-times.com/feed/ - HTTPSConnectionPool(host='guatemala-times.com', port=443): Max retries exceeded with url: /feed/ (Caused by SSLError(SSLEOFError(8, 'EOF occurred in violation of protocol (_ssl.c:1122)')))
WARNING:root:Feed error for Iceland: https://www.icelandmonitor.is/rss/ - HTTPSConnectionPool(host='www.icelandmonitor.is', port=443): Max retries exceeded with url: /rss/ (Caused by NameResolutionError("<urllib3.connection.HTTPSConnection object at 0x000001EF3EA458E0>: Failed to resolve 'www.icelandmonitor.is' ([Errno 11001] getaddrinfo failed)"))
WARNING:root:Feed error for Indonesia: https://www.thejakartapost.com/feed/ - 404 Client Error: Not Found for url: https://www.thejakartapost.com/feed/
WARNING:root:Feed error for Ireland: https://www.irishtimes.com/rss - 404 Client Error: Not Found for url: https://www.irishtimes.com/rss/
WARNING:root:Feed error for Italy: https://www.thelocal.it/rss - 404 Client Error: Not Found for url: https://www.thelocal.it/rss
WARNING:root:Feed error for Jamaica: https://jamaica-gleaner.com/feed - 404 Client Error: Not Found for url: https://jamaica-gleaner.com/feed
WARNING:root:Feed error for Kenya: https://nation.africa/kenya/rss - 404 Client Error: Not Found for url: https://nation.africa/kenya/rss
WARNING:root:Feed error for Kiribati: https://www.radiokiribati.ki/feed/ - HTTPSConnectionPool(host='www.radiokiribati.ki', port=443): Max retries exceeded with url: /feed/ (Caused by NameResolutionError("<urllib3.connection.HTTPSConnection object at 0x000001EF3E9A34C0>: Failed to resolve 'www.radiokiribati.ki' ([Errno 11001] getaddrinfo failed)"))
WARNING:root:Feed error for Kuwait: https://www.kuwaittimes.com/feed/ - ('Connection aborted.', HTTPException('got more than 100 headers'))
WARNING:root:Feed error for Laos: https://www.vientianetimes.org.la/rss - 404 Client Error: Not Found for url: https://www.vientianetimes.org.la/rss
WARNING:root:Feed error for Afghanistan: https://tolonews.com/rss - 403 Client Error: Forbidden for url: https://tolonews.com/rss
WARNING:root:Feed error for Liechtenstein: https://www.thelocal.ch/rss - 404 Client Error: Not Found for url: https://www.thelocal.ch/rss
WARNING:root:Feed error for Algeria: https://www.aps.dz/en/feed - 404 Client Error: Not Found for url: https://www.aps.dz/en/feed
WARNING:root:Feed error for Lithuania: https://www.lrt.lt/en/rss - 404 Client Error: Not Found for url: https://www.lrt.lt/en/rss
WARNING:root:Feed error for Andorra: https://www.diariandorra.ad/rss - 404 Client Error: Not Found for url: https://www.diariandorra.ad/rss/
WARNING:root:Feed error for Angola: http://www.angop.ao/angola/en_us/noticias/rss - 403 Client Error: Forbidden for url: http://www.angop.ao/angola/en_us/noticias/rss
WARNING:root:Feed error for Antigua and Barbuda: https://www.antiguaobserver.com/feed/ - 403 Client Error: Forbidden for url: https://www.antiguaobserver.com/feed/
WARNING:root:Feed error for Armenia: https://armenpress.am/eng/rss/ - 403 Client Error: Forbidden for url: https://armenpress.am/eng/rss/
WARNING:root:Feed error for Australia: https://www.abc.net.au/news/feed/ - 404 Client Error: Not Found for url: https://www.abc.net.au/news/feed
WARNING:root:Feed error for Austria: https://www.thelocal.at/rss - 404 Client Error: Not Found for url: https://www.thelocal.at/rss
WARNING:root:Feed error for Azerbaijan: https://www.azernews.az/rss.xml - 404 Client Error: Not Found for url: https://www.azernews.az/rss.xml
WARNING:root:Feed error for Bahamas: https://thenassauguardian.com/feed/ - 404 Client Error: Not Found for url: https://www.thenassauguardian.com/feed/
WARNING:root:Feed error for Bahrain: https://www.gdnonline.com/rss/ - 404 Client Error: Not Found for url: https://www.gdnonline.com/rss/
WARNING:root:Feed error for Madagascar: https://www.madagascar-tribune.com/feed/ - 403 Client Error: Forbidden for url: https://www.madagascar-tribune.com/feed/
WARNING:root:Feed error for Malaysia: https://www.thestar.com.my/rss/ - 404 Client Error: Not Found for url: https://www.thestar.com.my/rss/
WARNING:root:Feed error for Belize: https://www.7newsbelize.com/rss/ - 404 Client Error: Not Found for url: https://www.7newsbelize.com/rss/
WARNING:root:Feed error for Bhutan: https://kuenselonline.com/feed/ - 404 Client Error: Not Found for url: https://kuenselonline.com/feed/
WARNING:root:Feed error for Bolivia: https://www.la-razon.com/feed/ - 403 Client Error: Forbidden for url: https://larazon.bo/feed/
WARNING:root:Feed error for Botswana: https://www.mmegi.bw/feed - 404 Client Error: Not Found for url: https://www.mmegi.bw/feed
WARNING:root:Feed error for Brunei: https://borneobulletin.com.bn/feed/ - 403 Client Error: Forbidden for url: https://borneobulletin.com.bn/feed/
WARNING:root:Feed error for India: https://replace-this-with-india-feed.com/rss - HTTPSConnectionPool(host='replace-this-with-india-feed.com', port=443): Max retries exceeded with url: /rss (Caused by NameResolutionError("<urllib3.connection.HTTPSConnection object at 0x0000015ADA80B790>: Failed to resolve 'replace-this-with-india-feed.com' ([Errno 11001] getaddrinfo failed)"))
INFO:werkzeug:[31m[1mWARNING: This is a development server. Do not use it in a production deployment. Use a production WSGI server instead.[0m
 * Running on all addresses (0.0.0.0)
 * Running on http://127.0.0.1:5000
 * Running on http://10.7.0.101:5000
INFO:werkzeug:[33mPress CTRL+C to quit[0m
INFO:werkzeug: * Restarting with watchdog (windowsapi)
WARNING:werkzeug: * Debugger is active!
INFO:werkzeug: * Debugger PIN: 903-726-858
INFO:werkzeug:[31m[1mWARNING: This is a development server. Do not use it in a production deployment. Use a production WSGI server instead.[0m
 * Running on all addresses (0.0.0.0)
 * Running on http://127.0.0.1:5000
 * Running on http://10.7.0.101:5000
INFO:werkzeug:[33mPress CTRL+C to quit[0m
INFO:werkzeug: * Restarting with watchdog (windowsapi)
INFO:werkzeug:[31m[1mWARNING: This is a development server. Do not use it in a production deployment. Use a production WSGI server instead.[0m
 * Running on all addresses (0.0.0.0)
 * Running on http://127.0.0.1:5000
 * Running on http://10.7.0.101:5000
INFO:werkzeug:[33mPress CTRL+C to quit[0m
INFO:werkzeug: * Restarting with watchdog (windowsapi)
WARNING:werkzeug: * Debugger is active!
INFO:werkzeug: * Debugger PIN: 903-726-858
INFO:werkzeug:[31m[1mWARNING: This is a development server. Do not use it in a production deployment. Use a production WSGI server instead.[0m
 * Running on all addresses (0.0.0.0)
 * Running on http://127.0.0.1:5000
 * Running on http://10.7.0.101:5000
INFO:werkzeug:[33mPress CTRL+C to quit[0m
INFO:werkzeug: * Restarting with watchdog (windowsapi)
WARNING:werkzeug: * Debugger is active!
INFO:werkzeug: * Debugger PIN: 903-726-858
INFO:werkzeug: * Detected change in 'C:\\Users\\G SARAN\\AppData\\Local\\Programs\\Python\\Python39\\Lib\\site-packages\\tqdm\\asyncio.py', reloading
INFO:werkzeug: * Detected change in 'C:\\Users\\G SARAN\\AppData\\Local\\Programs\\Python\\Python39\\Lib\\site-packages\\tqdm\\auto.py', reloading
INFO:werkzeug: * Detected change in 'C:\\Users\\G SARAN\\AppData\\Local\\Programs\\Python\\Python39\\Lib\\site-packages\\tqdm\\autonotebook.py', reloading
INFO:werkzeug: * Detected change in 'C:\\Users\\G SARAN\\AppData\\Local\\Programs\\Python\\Python39\\Lib\\site-packages\\tqdm\\cli.py', reloading
INFO:werkzeug: * Detected change in 'C:\\Users\\G SARAN\\AppData\\Local\\Programs\\Python\\Python39\\Lib\\site-packages\\tqdm\\dask.py', reloading
INFO:werkzeug: * Detected change in 'C:\\Users\\G SARAN\\AppData\\Local\\Programs\\Python\\Python39\\Lib\\site-packages\\tqdm\\gui.py', reloading
INFO:werkzeug: * Detected change in 'C:\\Users\\G SARAN\\AppData\\Local\\Programs\\Python\\Python39\\Lib\\site-packages\\tqdm\\keras.py', reloading
INFO:werkzeug: * Detected change in 'C:\\Users\\G SARAN\\AppData\\Local\\Programs\\Python\\Python39\\Lib\\site-packages\\tqdm\\notebook.py', reloading
INFO:werkzeug: * Detected change in 'C:\\Users\\G SARAN\\AppData\\Local\\Programs\\Python\\Python39\\Lib\\site-packages\\tqdm\\rich.py', reloading
INFO:werkzeug: * Detected change in 'C:\\Users\\G SARAN\\AppData\\Local\\Programs\\Python\\Python39\\Lib\\site-packages\\tqdm\\std.py', reloading
INFO:werkzeug: * Detected change in 'C:\\Users\\G SARAN\\AppData\\Local\\Programs\\Python\\Python39\\Lib\\site-packages\\tqdm\\tk.py', reloading
INFO:werkzeug: * Detected change in 'C:\\Users\\G SARAN\\AppData\\Local\\Programs\\Python\\Python39\\Lib\\site-packages\\tqdm\\utils.py', reloading
INFO:werkzeug: * Detected change in 'C:\\Users\\G SARAN\\AppData\\Local\\Programs\\Python\\Python39\\Lib\\site-packages\\tqdm\\version.py', reloading
INFO:werkzeug: * Detected change in 'C:\\Users\\G SARAN\\AppData\\Local\\Programs\\Python\\Python39\\Lib\\site-packages\\tqdm\\_dist_ver.py', reloading
INFO:werkzeug: * Detected change in 'C:\\Users\\G SARAN\\AppData\\Local\\Programs\\Python\\Python39\\Lib\\site-packages\\tqdm\\_main.py', reloading
INFO:werkzeug: * Detected change in 'C:\\Users\\G SARAN\\AppData\\Local\\Programs\\Python\\Python39\\Lib\\site-packages\\tqdm\\_monitor.py', reloading
INFO:werkzeug: * Detected change in 'C:\\Users\\G SARAN\\AppData\\Local\\Programs\\Python\\Python39\\Lib\\site-packages\\tqdm\\_tqdm.py', reloading
INFO:werkzeug: * Detected change in 'C:\\Users\\G SARAN\\AppData\\Local\\Programs\\Python\\Python39\\Lib\\site-packages\\tqdm\\_tqdm_gui.py', reloading
INFO:werkzeug: * Detected change in 'C:\\Users\\G SARAN\\AppData\\Local\\Programs\\Python\\Python39\\Lib\\site-packages\\tqdm\\_tqdm_notebook.py', reloading
INFO:werkzeug: * Detected change in 'C:\\Users\\G SARAN\\AppData\\Local\\Programs\\Python\\Python39\\Lib\\site-packages\\tqdm\\_tqdm_pandas.py', reloading
INFO:werkzeug: * Detected change in 'C:\\Users\\G SARAN\\AppData\\Local\\Programs\\Python\\Python39\\Lib\\site-packages\\tqdm\\_utils.py', reloading
INFO:werkzeug: * Detected change in 'C:\\Users\\G SARAN\\AppData\\Local\\Programs\\Python\\Python39\\Lib\\site-packages\\tqdm\\__init__.py', reloading
INFO:werkzeug: * Detected change in 'C:\\Users\\G SARAN\\AppData\\Local\\Programs\\Python\\Python39\\Lib\\site-packages\\tqdm\\__main__.py', reloading
INFO:werkzeug: * Detected change in 'C:\\Users\\G SARAN\\AppData\\Local\\Programs\\Python\\Python39\\Lib\\site-packages\\tqdm\\contrib\\bells.py', reloading
INFO:werkzeug: * Detected change in 'C:\\Users\\G SARAN\\AppData\\Local\\Programs\\Python\\Python39\\Lib\\site-packages\\tqdm\\contrib\\concurrent.py', reloading
INFO:werkzeug: * Detected change in 'C:\\Users\\G SARAN\\AppData\\Local\\Programs\\Python\\Python39\\Lib\\site-packages\\tqdm\\contrib\\discord.py', reloading
INFO:werkzeug: * Detected change in 'C:\\Users\\G SARAN\\AppData\\Local\\Programs\\Python\\Python39\\Lib\\site-packages\\tqdm\\contrib\\itertools.py', reloading
INFO:werkzeug: * Detected change in 'C:\\Users\\G SARAN\\AppData\\Local\\Programs\\Python\\Python39\\Lib\\site-packages\\tqdm\\contrib\\logging.py', reloading
INFO:werkzeug: * Detected change in 'C:\\Users\\G SARAN\\AppData\\Local\\Programs\\Python\\Python39\\Lib\\site-packages\\tqdm\\contrib\\slack.py', reloading
INFO:werkzeug: * Detected change in 'C:\\Users\\G SARAN\\AppData\\Local\\Programs\\Python\\Python39\\Lib\\site-packages\\tqdm\\contrib\\telegram.py', reloading
INFO:werkzeug: * Detected change in 'C:\\Users\\G SARAN\\AppData\\Local\\Programs\\Python\\Python39\\Lib\\site-packages\\tqdm\\contrib\\utils_worker.py', reloading
INFO:werkzeug: * Detected change in 'C:\\Users\\G SARAN\\AppData\\Local\\Programs\\Python\\Python39\\Lib\\site-packages\\tqdm\\contrib\\__init__.py', reloading
INFO:werkzeug: * Detected change in 'C:\\Users\\G SARAN\\AppData\\Local\\Programs\\Python\\Python39\\Lib\\site-packages\\tqdm\\__init__.py', reloading
INFO:werkzeug: * Detected change in 'C:\\Users\\G SARAN\\AppData\\Local\\Programs\\Python\\Python39\\Lib\\site-packages\\tqdm\\__init__.py', reloading
INFO:werkzeug: * Detected change in 'C:\\Users\\G SARAN\\AppData\\Local\\Programs\\Python\\Python39\\Lib\\site-packages\\tqdm\\__main__.py', reloading
INFO:werkzeug: * Detected change in 'C:\\Users\\G SARAN\\AppData\\Local\\Programs\\Python\\Python39\\Lib\\site-packages\\tqdm\\__main__.py', reloading
INFO:werkzeug: * Detected change in 'C:\\Users\\G SARAN\\AppData\\Local\\Programs\\Python\\Python39\\Lib\\site-packages\\tqdm\\_dist_ver.py', reloading
INFO:werkzeug: * Detected change in 'C:\\Users\\G SARAN\\AppData\\Local\\Programs\\Python\\Python39\\Lib\\site-packages\\tqdm\\_dist_ver.py', reloading
INFO:werkzeug: * Detected change in 'C:\\Users\\G SARAN\\AppData\\Local\\Programs\\Python\\Python39\\Lib\\site-packages\\tqdm\\_dist_ver.py', reloading
INFO:werkzeug: * Detected change in 'C:\\Users\\G SARAN\\AppData\\Local\\Programs\\Python\\Python39\\Lib\\site-packages\\tqdm\\_main.py', reloading
INFO:werkzeug: * Detected change in 'C:\\Users\\G SARAN\\AppData\\Local\\Programs\\Python\\Python39\\Lib\\site-packages\\tqdm\\_main.py', reloading
INFO:werkzeug: * Detected change in 'C:\\Users\\G SARAN\\AppData\\Local\\Programs\\Python\\Python39\\Lib\\site-packages\\tqdm\\_monitor.py', reloading
INFO:werkzeug: * Detected change in 'C:\\Users\\G SARAN\\AppData\\Local\\Programs\\Python\\Python39\\Lib\\site-packages\\tqdm\\_monitor.py', reloading
INFO:werkzeug: * Detected change in 'C:\\Users\\G SARAN\\AppData\\Local\\Programs\\Python\\Python39\\Lib\\site-packages\\tqdm\\_tqdm.py', reloading
INFO:werkzeug: * Detected change in 'C:\\Users\\G SARAN\\AppData\\Local\\Programs\\Python\\Python39\\Lib\\site-packages\\tqdm\\_tqdm.py', reloading
INFO:werkzeug: * Detected change in 'C:\\Users\\G SARAN\\AppData\\Local\\Programs\\Python\\Python39\\Lib\\site-packages\\tqdm\\_tqdm_gui.py', reloading
INFO:werkzeug: * Detected change in 'C:\\Users\\G SARAN\\AppData\\Local\\Programs\\Python\\Python39\\Lib\\site-packages\\tqdm\\_tqdm_gui.py', reloading
INFO:werkzeug: * Detected change in 'C:\\Users\\G SARAN\\AppData\\Local\\Programs\\Python\\Python39\\Lib\\site-packages\\tqdm\\_tqdm_notebook.py', reloading
INFO:werkzeug: * Detected change in 'C:\\Users\\G SARAN\\AppData\\Local\\Programs\\Python\\Python39\\Lib\\site-packages\\tqdm\\_tqdm_notebook.py', reloading
INFO:werkzeug: * Detected change in 'C:\\Users\\G SARAN\\AppData\\Local\\Programs\\Python\\Python39\\Lib\\site-packages\\tqdm\\_tqdm_pandas.py', reloading
INFO:werkzeug: * Detected change in 'C:\\Users\\G SARAN\\AppData\\Local\\Programs\\Python\\Python39\\Lib\\site-packages\\tqdm\\_tqdm_pandas.py', reloading
INFO:werkzeug: * Detected change in 'C:\\Users\\G SARAN\\AppData\\Local\\Programs\\Python\\Python39\\Lib\\site-packages\\tqdm\\_utils.py', reloading
INFO:werkzeug: * Detected change in 'C:\\Users\\G SARAN\\AppData\\Local\\Programs\\Python\\Python39\\Lib\\site-packages\\tqdm\\_utils.py', reloading
INFO:werkzeug: * Detected change in 'C:\\Users\\G SARAN\\AppData\\Local\\Programs\\Python\\Python39\\Lib\\site-packages\\tqdm\\asyncio.py', reloading
INFO:werkzeug: * Detected change in 'C:\\Users\\G SARAN\\AppData\\Local\\Programs\\Python\\Python39\\Lib\\site-packages\\tqdm\\asyncio.py', reloading
INFO:werkzeug: * Detected change in 'C:\\Users\\G SARAN\\AppData\\Local\\Programs\\Python\\Python39\\Lib\\site-packages\\tqdm\\auto.py', reloading
INFO:werkzeug: * Detected change in 'C:\\Users\\G SARAN\\AppData\\Local\\Programs\\Python\\Python39\\Lib\\site-packages\\tqdm\\auto.py', reloading
INFO:werkzeug: * Detected change in 'C:\\Users\\G SARAN\\AppData\\Local\\Programs\\Python\\Python39\\Lib\\site-packages\\tqdm\\autonotebook.py', reloading
INFO:werkzeug: * Detected change in 'C:\\Users\\G SARAN\\AppData\\Local\\Programs\\Python\\Python39\\Lib\\site-packages\\tqdm\\autonotebook.py', reloading
INFO:werkzeug: * Detected change in 'C:\\Users\\G SARAN\\AppData\\Local\\Programs\\Python\\Python39\\Lib\\site-packages\\tqdm\\cli.py', reloading
INFO:werkzeug: * Detected change in 'C:\\Users\\G SARAN\\AppData\\Local\\Programs\\Python\\Python39\\Lib\\site-packages\\tqdm\\cli.py', reloading
INFO:werkzeug: * Detected change in 'C:\\Users\\G SARAN\\AppData\\Local\\Programs\\Python\\Python39\\Lib\\site-packages\\tqdm\\dask.py', reloading
INFO:werkzeug: * Detected change in 'C:\\Users\\G SARAN\\AppData\\Local\\Programs\\Python\\Python39\\Lib\\site-packages\\tqdm\\dask.py', reloading
INFO:werkzeug: * Detected change in 'C:\\Users\\G SARAN\\AppData\\Local\\Programs\\Python\\Python39\\Lib\\site-packages\\tqdm\\gui.py', reloading
INFO:werkzeug: * Detected change in 'C:\\Users\\G SARAN\\AppData\\Local\\Programs\\Python\\Python39\\Lib\\site-packages\\tqdm\\gui.py', reloading
INFO:werkzeug: * Detected change in 'C:\\Users\\G SARAN\\AppData\\Local\\Programs\\Python\\Python39\\Lib\\site-packages\\tqdm\\keras.py', reloading
INFO:werkzeug: * Detected change in 'C:\\Users\\G SARAN\\AppData\\Local\\Programs\\Python\\Python39\\Lib\\site-packages\\tqdm\\keras.py', reloading
INFO:werkzeug: * Detected change in 'C:\\Users\\G SARAN\\AppData\\Local\\Programs\\Python\\Python39\\Lib\\site-packages\\tqdm\\notebook.py', reloading
INFO:werkzeug: * Detected change in 'C:\\Users\\G SARAN\\AppData\\Local\\Programs\\Python\\Python39\\Lib\\site-packages\\tqdm\\notebook.py', reloading
INFO:werkzeug: * Detected change in 'C:\\Users\\G SARAN\\AppData\\Local\\Programs\\Python\\Python39\\Lib\\site-packages\\tqdm\\rich.py', reloading
INFO:werkzeug: * Detected change in 'C:\\Users\\G SARAN\\AppData\\Local\\Programs\\Python\\Python39\\Lib\\site-packages\\tqdm\\rich.py', reloading
INFO:werkzeug: * Detected change in 'C:\\Users\\G SARAN\\AppData\\Local\\Programs\\Python\\Python39\\Lib\\site-packages\\tqdm\\std.py', reloading
INFO:werkzeug: * Detected change in 'C:\\Users\\G SARAN\\AppData\\Local\\Programs\\Python\\Python39\\Lib\\site-packages\\tqdm\\std.py', reloading
INFO:werkzeug: * Detected change in 'C:\\Users\\G SARAN\\AppData\\Local\\Programs\\Python\\Python39\\Lib\\site-packages\\tqdm\\tk.py', reloading
INFO:werkzeug: * Detected change in 'C:\\Users\\G SARAN\\AppData\\Local\\Programs\\Python\\Python39\\Lib\\site-packages\\tqdm\\tk.py', reloading
INFO:werkzeug: * Detected change in 'C:\\Users\\G SARAN\\AppData\\Local\\Programs\\Python\\Python39\\Lib\\site-packages\\tqdm\\utils.py', reloading
INFO:werkzeug: * Detected change in 'C:\\Users\\G SARAN\\AppData\\Local\\Programs\\Python\\Python39\\Lib\\site-packages\\tqdm\\utils.py', reloading
INFO:werkzeug: * Detected change in 'C:\\Users\\G SARAN\\AppData\\Local\\Programs\\Python\\Python39\\Lib\\site-packages\\tqdm\\version.py', reloading
INFO:werkzeug: * Detected change in 'C:\\Users\\G SARAN\\AppData\\Local\\Programs\\Python\\Python39\\Lib\\site-packages\\tqdm\\version.py', reloading
INFO:werkzeug: * Restarting with watchdog (windowsapi)
WARNING:werkzeug: * Debugger is active!
INFO:werkzeug: * Debugger PIN: 903-726-858
INFO:werkzeug: * Detected change in 'D:\\scrapnews\\app.py', reloading
INFO:werkzeug: * Detected change in 'D:\\scrapnews\\app.py', reloading
INFO:werkzeug: * Restarting with watchdog (windowsapi)
WARNING:werkzeug: * Debugger is active!
INFO:werkzeug: * Debugger PIN: 903-726-858
INFO:werkzeug:[31m[1mWARNING: This is a development server. Do not use it in a production deployment. Use a production WSGI server instead.[0m
 * Running on all addresses (0.0.0.0)
 * Running on http://127.0.0.1:5000
 * Running on http://10.7.0.101:5000
INFO:werkzeug:[33mPress CTRL+C to quit[0m
INFO:werkzeug: * Restarting with watchdog (windowsapi)
WARNING:werkzeug: * Debugger is active!
INFO:werkzeug: * Debugger PIN: 903-726-858
INFO:werkzeug: * Detected change in 'D:\\scrapnews\\app.py', reloading
INFO:werkzeug: * Detected change in 'D:\\scrapnews\\app.py', reloading
INFO:werkzeug: * Detected change in 'D:\\scrapnews\\app.py', reloading
INFO:werkzeug: * Restarting with watchdog (windowsapi)
INFO:werkzeug: * Restarting with watchdog (windowsapi)
WARNING:werkzeug: * Debugger is active!
INFO:werkzeug: * Debugger PIN: 903-726-858
WARNING:werkzeug: * Debugger is active!
INFO:werkzeug: * Debugger PIN: 903-726-858
